// Jest Snapshot v1, https://goo.gl/fbAQLP

exports[`matches mounted snapshot 1`] = `
<div
  style={
    Object {
      "display": "block",
      "height": 400,
      "margin": "auto",
      "position": "relative",
      "width": 400,
    }
  }
>
  <svg
    height="300.000000pt"
    preserveAspectRatio="xMidYMid meet"
    version="1.0"
    viewBox="0 0 260.000000 245.000000"
    width="300.000000pt"
    xmlns="http://www.w3.org/2000/svg"
  >
    <metadata>
      Created by potrace 1.11, written by Peter Selinger 2001-2013
    </metadata>
    <g
      fill="rgba(0, 0, 0, 0.87)"
      stroke="none"
      transform="translate(0.000000,245.000000) scale(0.100000,-0.100000)"
    >
      <path
        d="M1015 2401 c-126 -57 -164 -223 -78 -337 l23 -31 -31 -58 c-17 -31
      -39 -92 -51 -134 -17 -66 -19 -95 -13 -212 5 -115 3 -138 -10 -149 -8 -7 -30
      -42 -48 -79 -48 -96 -118 -224 -129 -238 -7 -9 -7 -13 0 -13 6 0 13 4 17 9 3
      5 30 15 61 22 69 15 177 1 311 -42 216 -69 286 -115 405 -265 48 -62 103 -121
      120 -133 23 -14 28 -21 18 -24 -121 -37 -183 -86 -234 -187 -43 -87 -60 -186
      -53 -311 l5 -96 -123 -6 c-194 -9 -355 23 -521 103 -116 56 -189 117 -224 186
      -20 41 -24 63 -23 134 1 101 21 165 100 323 121 242 122 297 1 69 -50 -95
      -113 -261 -128 -340 -18 -89 -9 -195 22 -259 32 -65 112 -158 149 -174 16 -6
      29 -15 29 -19 0 -4 -78 -10 -172 -14 -167 -7 -337 -21 -387 -32 -71 -16 62
      -37 344 -54 209 -13 1594 -13 1800 0 164 10 328 27 355 36 51 18 -107 38 -392
      50 -87 4 -158 10 -158 15 0 4 16 22 36 41 123 114 133 346 20 446 -43 37 -79
      57 -123 67 -18 3 -33 8 -33 9 0 1 9 19 20 41 11 22 20 53 20 70 -1 41 -41 135
      -79 183 -17 22 -31 42 -31 45 0 3 14 8 30 12 34 7 140 110 140 135 0 8 -5 32
      -10 52 -12 42 0 74 76 198 63 102 86 172 91 280 4 82 2 104 -17 155 -16 44
      -23 85 -24 150 -2 108 -14 135 -75 175 -40 27 -53 30 -114 29 -56 -2 -71 2
      -90 19 -12 11 -47 32 -77 46 -125 57 -241 70 -397 45 l-77 -12 -25 30 c-14 17
      -40 38 -58 47 -43 22 -137 21 -188 -3z m664 -116 c218 -52 402 -236 442 -443
      21 -112 -3 -346 -32 -302 -8 13 -12 11 -29 -10 -40 -50 -78 -140 -96 -228 -15
      -77 -20 -89 -36 -84 -22 5 -24 -20 -3 -38 8 -7 15 -19 15 -26 0 -15 -52 -44
      -112 -63 -35 -12 -40 -10 -85 20 -62 42 -131 100 -256 217 -122 113 -219 184
      -306 224 -57 27 -74 30 -140 26 l-76 -3 -18 50 c-13 39 -17 73 -14 151 3 88 8
      109 35 169 29 61 34 67 55 60 12 -4 48 -10 79 -12 49 -4 65 -1 109 23 73 40
      109 104 109 196 l0 67 43 9 c67 15 245 13 316 -3z"
      />
      <path
        d="M1745 1595 c-38 -25 -98 -54 -133 -66 -112 -37 -146 -86 -101 -143
      39 -49 167 -96 267 -96 40 0 44 2 59 38 34 81 26 313 -10 312 -7 0 -43 -21
      -82 -45z"
      />
    </g>
  </svg>
  <center>
    <h3
      className="MuiTypography-root-1 MuiTypography-h3-15"
    >
      Oops something went wrong!
    </h3>
  </center>
</div>
`;

exports[`matches shallow snapshot 1`] = `
<ErrorPage
  theme={
    Object {
      "breakpoints": Object {
        "between": [Function],
        "down": [Function],
        "keys": Array [
          "xs",
          "sm",
          "md",
          "lg",
          "xl",
        ],
        "only": [Function],
        "up": [Function],
        "values": Object {
          "lg": 1280,
          "md": 960,
          "sm": 600,
          "xl": 1920,
          "xs": 0,
        },
        "width": [Function],
      },
      "direction": "ltr",
      "mixins": Object {
        "gutters": [Function],
        "toolbar": Object {
          "@media (min-width:0px) and (orientation: landscape)": Object {
            "minHeight": 48,
          },
          "@media (min-width:600px)": Object {
            "minHeight": 64,
          },
          "minHeight": 56,
        },
      },
      "overrides": Object {},
      "palette": Object {
        "action": Object {
          "active": "rgba(0, 0, 0, 0.54)",
          "disabled": "rgba(0, 0, 0, 0.26)",
          "disabledBackground": "rgba(0, 0, 0, 0.12)",
          "hover": "rgba(0, 0, 0, 0.08)",
          "hoverOpacity": 0.08,
          "selected": "rgba(0, 0, 0, 0.14)",
        },
        "augmentColor": [Function],
        "background": Object {
          "default": "#fafafa",
          "paper": "#fff",
        },
        "common": Object {
          "black": "#000",
          "white": "#fff",
        },
        "contrastThreshold": 3,
        "divider": "rgba(0, 0, 0, 0.12)",
        "error": Object {
          "contrastText": "#fff",
          "dark": "#d32f2f",
          "light": "#e57373",
          "main": "#f44336",
        },
        "getContrastText": [Function],
        "grey": Object {
          "100": "#f5f5f5",
          "200": "#eeeeee",
          "300": "#e0e0e0",
          "400": "#bdbdbd",
          "50": "#fafafa",
          "500": "#9e9e9e",
          "600": "#757575",
          "700": "#616161",
          "800": "#424242",
          "900": "#212121",
          "A100": "#d5d5d5",
          "A200": "#aaaaaa",
          "A400": "#303030",
          "A700": "#616161",
        },
        "primary": Object {
          "contrastText": "#fff",
          "dark": "#303f9f",
          "light": "#7986cb",
          "main": "#3f51b5",
        },
        "secondary": Object {
          "contrastText": "#fff",
          "dark": "#c51162",
          "light": "#ff4081",
          "main": "#f50057",
        },
        "text": Object {
          "disabled": "rgba(0, 0, 0, 0.38)",
          "hint": "rgba(0, 0, 0, 0.38)",
          "primary": "rgba(0, 0, 0, 0.87)",
          "secondary": "rgba(0, 0, 0, 0.54)",
        },
        "tonalOffset": 0.2,
        "type": "light",
      },
      "props": Object {},
      "shadows": Array [
        "none",
        "0px 1px 3px 0px rgba(0, 0, 0, 0.2),0px 1px 1px 0px rgba(0, 0, 0, 0.14),0px 2px 1px -1px rgba(0, 0, 0, 0.12)",
        "0px 1px 5px 0px rgba(0, 0, 0, 0.2),0px 2px 2px 0px rgba(0, 0, 0, 0.14),0px 3px 1px -2px rgba(0, 0, 0, 0.12)",
        "0px 1px 8px 0px rgba(0, 0, 0, 0.2),0px 3px 4px 0px rgba(0, 0, 0, 0.14),0px 3px 3px -2px rgba(0, 0, 0, 0.12)",
        "0px 2px 4px -1px rgba(0, 0, 0, 0.2),0px 4px 5px 0px rgba(0, 0, 0, 0.14),0px 1px 10px 0px rgba(0, 0, 0, 0.12)",
        "0px 3px 5px -1px rgba(0, 0, 0, 0.2),0px 5px 8px 0px rgba(0, 0, 0, 0.14),0px 1px 14px 0px rgba(0, 0, 0, 0.12)",
        "0px 3px 5px -1px rgba(0, 0, 0, 0.2),0px 6px 10px 0px rgba(0, 0, 0, 0.14),0px 1px 18px 0px rgba(0, 0, 0, 0.12)",
        "0px 4px 5px -2px rgba(0, 0, 0, 0.2),0px 7px 10px 1px rgba(0, 0, 0, 0.14),0px 2px 16px 1px rgba(0, 0, 0, 0.12)",
        "0px 5px 5px -3px rgba(0, 0, 0, 0.2),0px 8px 10px 1px rgba(0, 0, 0, 0.14),0px 3px 14px 2px rgba(0, 0, 0, 0.12)",
        "0px 5px 6px -3px rgba(0, 0, 0, 0.2),0px 9px 12px 1px rgba(0, 0, 0, 0.14),0px 3px 16px 2px rgba(0, 0, 0, 0.12)",
        "0px 6px 6px -3px rgba(0, 0, 0, 0.2),0px 10px 14px 1px rgba(0, 0, 0, 0.14),0px 4px 18px 3px rgba(0, 0, 0, 0.12)",
        "0px 6px 7px -4px rgba(0, 0, 0, 0.2),0px 11px 15px 1px rgba(0, 0, 0, 0.14),0px 4px 20px 3px rgba(0, 0, 0, 0.12)",
        "0px 7px 8px -4px rgba(0, 0, 0, 0.2),0px 12px 17px 2px rgba(0, 0, 0, 0.14),0px 5px 22px 4px rgba(0, 0, 0, 0.12)",
        "0px 7px 8px -4px rgba(0, 0, 0, 0.2),0px 13px 19px 2px rgba(0, 0, 0, 0.14),0px 5px 24px 4px rgba(0, 0, 0, 0.12)",
        "0px 7px 9px -4px rgba(0, 0, 0, 0.2),0px 14px 21px 2px rgba(0, 0, 0, 0.14),0px 5px 26px 4px rgba(0, 0, 0, 0.12)",
        "0px 8px 9px -5px rgba(0, 0, 0, 0.2),0px 15px 22px 2px rgba(0, 0, 0, 0.14),0px 6px 28px 5px rgba(0, 0, 0, 0.12)",
        "0px 8px 10px -5px rgba(0, 0, 0, 0.2),0px 16px 24px 2px rgba(0, 0, 0, 0.14),0px 6px 30px 5px rgba(0, 0, 0, 0.12)",
        "0px 8px 11px -5px rgba(0, 0, 0, 0.2),0px 17px 26px 2px rgba(0, 0, 0, 0.14),0px 6px 32px 5px rgba(0, 0, 0, 0.12)",
        "0px 9px 11px -5px rgba(0, 0, 0, 0.2),0px 18px 28px 2px rgba(0, 0, 0, 0.14),0px 7px 34px 6px rgba(0, 0, 0, 0.12)",
        "0px 9px 12px -6px rgba(0, 0, 0, 0.2),0px 19px 29px 2px rgba(0, 0, 0, 0.14),0px 7px 36px 6px rgba(0, 0, 0, 0.12)",
        "0px 10px 13px -6px rgba(0, 0, 0, 0.2),0px 20px 31px 3px rgba(0, 0, 0, 0.14),0px 8px 38px 7px rgba(0, 0, 0, 0.12)",
        "0px 10px 13px -6px rgba(0, 0, 0, 0.2),0px 21px 33px 3px rgba(0, 0, 0, 0.14),0px 8px 40px 7px rgba(0, 0, 0, 0.12)",
        "0px 10px 14px -6px rgba(0, 0, 0, 0.2),0px 22px 35px 3px rgba(0, 0, 0, 0.14),0px 8px 42px 7px rgba(0, 0, 0, 0.12)",
        "0px 11px 14px -7px rgba(0, 0, 0, 0.2),0px 23px 36px 3px rgba(0, 0, 0, 0.14),0px 9px 44px 8px rgba(0, 0, 0, 0.12)",
        "0px 11px 15px -7px rgba(0, 0, 0, 0.2),0px 24px 38px 3px rgba(0, 0, 0, 0.14),0px 9px 46px 8px rgba(0, 0, 0, 0.12)",
      ],
      "shape": Object {
        "borderRadius": 4,
      },
      "spacing": Object {
        "unit": 8,
      },
      "transitions": Object {
        "create": [Function],
        "duration": Object {
          "complex": 375,
          "enteringScreen": 225,
          "leavingScreen": 195,
          "short": 250,
          "shorter": 200,
          "shortest": 150,
          "standard": 300,
        },
        "easing": Object {
          "easeIn": "cubic-bezier(0.4, 0, 1, 1)",
          "easeInOut": "cubic-bezier(0.4, 0, 0.2, 1)",
          "easeOut": "cubic-bezier(0.0, 0, 0.2, 1)",
          "sharp": "cubic-bezier(0.4, 0, 0.6, 1)",
        },
        "getAutoHeightDuration": [Function],
      },
      "typography": Object {
        "body1": Object {
          "color": "rgba(0, 0, 0, 0.87)",
          "fontFamily": "\\"Roboto\\", \\"Helvetica\\", \\"Arial\\", sans-serif",
          "fontSize": "0.875rem",
          "fontWeight": 400,
          "lineHeight": "1.46429em",
        },
        "body1Next": Object {
          "color": "rgba(0, 0, 0, 0.87)",
          "fontFamily": "\\"Roboto\\", \\"Helvetica\\", \\"Arial\\", sans-serif",
          "fontSize": "1rem",
          "fontWeight": 400,
          "letterSpacing": "0.00938em",
          "lineHeight": 1.5,
        },
        "body2": Object {
          "color": "rgba(0, 0, 0, 0.87)",
          "fontFamily": "\\"Roboto\\", \\"Helvetica\\", \\"Arial\\", sans-serif",
          "fontSize": "0.875rem",
          "fontWeight": 500,
          "lineHeight": "1.71429em",
        },
        "body2Next": Object {
          "color": "rgba(0, 0, 0, 0.87)",
          "fontFamily": "\\"Roboto\\", \\"Helvetica\\", \\"Arial\\", sans-serif",
          "fontSize": "0.875rem",
          "fontWeight": 400,
          "letterSpacing": "0.01071em",
          "lineHeight": 1.5,
        },
        "button": Object {
          "color": "rgba(0, 0, 0, 0.87)",
          "fontFamily": "\\"Roboto\\", \\"Helvetica\\", \\"Arial\\", sans-serif",
          "fontSize": "0.875rem",
          "fontWeight": 500,
          "textTransform": "uppercase",
        },
        "buttonNext": Object {
          "color": "rgba(0, 0, 0, 0.87)",
          "fontFamily": "\\"Roboto\\", \\"Helvetica\\", \\"Arial\\", sans-serif",
          "fontSize": "0.875rem",
          "fontWeight": 500,
          "letterSpacing": "0.02857em",
          "lineHeight": 1.5,
          "textTransform": "uppercase",
        },
        "caption": Object {
          "color": "rgba(0, 0, 0, 0.54)",
          "fontFamily": "\\"Roboto\\", \\"Helvetica\\", \\"Arial\\", sans-serif",
          "fontSize": "0.75rem",
          "fontWeight": 400,
          "lineHeight": "1.375em",
        },
        "captionNext": Object {
          "color": "rgba(0, 0, 0, 0.87)",
          "fontFamily": "\\"Roboto\\", \\"Helvetica\\", \\"Arial\\", sans-serif",
          "fontSize": "0.75rem",
          "fontWeight": 400,
          "letterSpacing": "0.03333em",
          "lineHeight": 1.66,
        },
        "display1": Object {
          "color": "rgba(0, 0, 0, 0.54)",
          "fontFamily": "\\"Roboto\\", \\"Helvetica\\", \\"Arial\\", sans-serif",
          "fontSize": "2.125rem",
          "fontWeight": 400,
          "lineHeight": "1.20588em",
        },
        "display2": Object {
          "color": "rgba(0, 0, 0, 0.54)",
          "fontFamily": "\\"Roboto\\", \\"Helvetica\\", \\"Arial\\", sans-serif",
          "fontSize": "2.8125rem",
          "fontWeight": 400,
          "lineHeight": "1.13333em",
          "marginLeft": "-.02em",
        },
        "display3": Object {
          "color": "rgba(0, 0, 0, 0.54)",
          "fontFamily": "\\"Roboto\\", \\"Helvetica\\", \\"Arial\\", sans-serif",
          "fontSize": "3.5rem",
          "fontWeight": 400,
          "letterSpacing": "-.02em",
          "lineHeight": "1.30357em",
          "marginLeft": "-.02em",
        },
        "display4": Object {
          "color": "rgba(0, 0, 0, 0.54)",
          "fontFamily": "\\"Roboto\\", \\"Helvetica\\", \\"Arial\\", sans-serif",
          "fontSize": "7rem",
          "fontWeight": 300,
          "letterSpacing": "-.04em",
          "lineHeight": "1.14286em",
          "marginLeft": "-.04em",
        },
        "fontFamily": "\\"Roboto\\", \\"Helvetica\\", \\"Arial\\", sans-serif",
        "fontSize": 14,
        "fontWeightLight": 300,
        "fontWeightMedium": 500,
        "fontWeightRegular": 400,
        "h1": Object {
          "color": "rgba(0, 0, 0, 0.87)",
          "fontFamily": "\\"Roboto\\", \\"Helvetica\\", \\"Arial\\", sans-serif",
          "fontSize": "6rem",
          "fontWeight": 300,
          "letterSpacing": "-0.01562em",
          "lineHeight": 1,
        },
        "h2": Object {
          "color": "rgba(0, 0, 0, 0.87)",
          "fontFamily": "\\"Roboto\\", \\"Helvetica\\", \\"Arial\\", sans-serif",
          "fontSize": "3.75rem",
          "fontWeight": 300,
          "letterSpacing": "-0.00833em",
          "lineHeight": 1,
        },
        "h3": Object {
          "color": "rgba(0, 0, 0, 0.87)",
          "fontFamily": "\\"Roboto\\", \\"Helvetica\\", \\"Arial\\", sans-serif",
          "fontSize": "3rem",
          "fontWeight": 400,
          "letterSpacing": "0em",
          "lineHeight": 1.04,
        },
        "h4": Object {
          "color": "rgba(0, 0, 0, 0.87)",
          "fontFamily": "\\"Roboto\\", \\"Helvetica\\", \\"Arial\\", sans-serif",
          "fontSize": "2.125rem",
          "fontWeight": 400,
          "letterSpacing": "0.00735em",
          "lineHeight": 1.17,
        },
        "h5": Object {
          "color": "rgba(0, 0, 0, 0.87)",
          "fontFamily": "\\"Roboto\\", \\"Helvetica\\", \\"Arial\\", sans-serif",
          "fontSize": "1.5rem",
          "fontWeight": 400,
          "letterSpacing": "0em",
          "lineHeight": 1.33,
        },
        "h6": Object {
          "color": "rgba(0, 0, 0, 0.87)",
          "fontFamily": "\\"Roboto\\", \\"Helvetica\\", \\"Arial\\", sans-serif",
          "fontSize": "1.25rem",
          "fontWeight": 500,
          "letterSpacing": "0.0075em",
          "lineHeight": 1.6,
        },
        "headline": Object {
          "color": "rgba(0, 0, 0, 0.87)",
          "fontFamily": "\\"Roboto\\", \\"Helvetica\\", \\"Arial\\", sans-serif",
          "fontSize": "1.5rem",
          "fontWeight": 400,
          "lineHeight": "1.35417em",
        },
        "overline": Object {
          "color": "rgba(0, 0, 0, 0.87)",
          "fontFamily": "\\"Roboto\\", \\"Helvetica\\", \\"Arial\\", sans-serif",
          "fontSize": "0.75rem",
          "fontWeight": 400,
          "letterSpacing": "0.08333em",
          "lineHeight": 2.66,
          "textTransform": "uppercase",
        },
        "pxToRem": [Function],
        "round": [Function],
        "subheading": Object {
          "color": "rgba(0, 0, 0, 0.87)",
          "fontFamily": "\\"Roboto\\", \\"Helvetica\\", \\"Arial\\", sans-serif",
          "fontSize": "1rem",
          "fontWeight": 400,
          "lineHeight": "1.5em",
        },
        "subtitle1": Object {
          "color": "rgba(0, 0, 0, 0.87)",
          "fontFamily": "\\"Roboto\\", \\"Helvetica\\", \\"Arial\\", sans-serif",
          "fontSize": "1rem",
          "fontWeight": 400,
          "letterSpacing": "0.00938em",
          "lineHeight": 1.75,
        },
        "subtitle2": Object {
          "color": "rgba(0, 0, 0, 0.87)",
          "fontFamily": "\\"Roboto\\", \\"Helvetica\\", \\"Arial\\", sans-serif",
          "fontSize": "0.875rem",
          "fontWeight": 500,
          "letterSpacing": "0.00714em",
          "lineHeight": 1.57,
        },
        "title": Object {
          "color": "rgba(0, 0, 0, 0.87)",
          "fontFamily": "\\"Roboto\\", \\"Helvetica\\", \\"Arial\\", sans-serif",
          "fontSize": "1.3125rem",
          "fontWeight": 500,
          "lineHeight": "1.16667em",
        },
        "useNextVariants": false,
      },
      "zIndex": Object {
        "appBar": 1100,
        "drawer": 1200,
        "mobileStepper": 1000,
        "modal": 1300,
        "snackbar": 1400,
        "tooltip": 1500,
      },
    }
  }
/>
`;
