// Jest Snapshot v1, https://goo.gl/fbAQLP

exports[`matches mounted snapshot 1`] = `
Array [
  <div
    id="MockLightListQueryContainer"
>
    Mocked Light List Query Container
</div>,
  <div
    id="MockLightActionsContainer"
>
    Mocked Light Actions Container
</div>,
]
`;

exports[`matches shallow snapshot 1`] = `
<Fragment>
  <Component />
  <Component />
</Fragment>
`;
