// Jest Snapshot v1, https://goo.gl/fbAQLP

exports[`matches mounted snapshot 1`] = `
<div
  className="sc-bdVaJa gSvyBK"
>
  <div
    className="MuiGrid-container-1 MuiGrid-justify-xs-center-18"
  />
</div>
`;

exports[`matches shallow snapshot 1`] = `
<styled.div>
  <WithStyles(Grid)
    container={true}
    justify="center"
  />
</styled.div>
`;
