// Jest Snapshot v1, https://goo.gl/fbAQLP

exports[`matches mounted snapshot 1`] = `""`;

exports[`matches shallow snapshot 1`] = `
<ZoomDialog
  fullScreen={true}
  open={false}
>
  <LightHeader
    light={
      Object {
        "brightness": 0,
        "color": Object {
          "b": 0,
          "g": 0,
          "r": 0,
        },
        "connected": 0,
        "id": "",
        "state": "OFF",
      }
    }
    onBrightnessChange={[Function]}
    onMore={[Function]}
    onStateChange={[Function]}
  />
  <Light
    light={
      Object {
        "brightness": 0,
        "color": Object {
          "b": 0,
          "g": 0,
          "r": 0,
        },
        "connected": 0,
        "id": "",
        "state": "OFF",
      }
    }
    onBrightnessChange={[Function]}
    onColorChange={[Function]}
    onEffectChange={[Function]}
    onSpeedChange={[Function]}
    onStateChange={[Function]}
    open={false}
  />
  <OptionsDrawerContainer
    light={
      Object {
        "brightness": 0,
        "color": Object {
          "b": 0,
          "g": 0,
          "r": 0,
        },
        "connected": 0,
        "id": "",
        "state": "OFF",
      }
    }
    onClose={[Function]}
    onOpen={[Function]}
    onRenameSelected={[Function]}
    open={false}
  />
  <Mutation
    mutation={
      Object {
        "definitions": Array [
          Object {
            "directives": Array [],
            "kind": "OperationDefinition",
            "name": Object {
              "kind": "Name",
              "value": "setLight",
            },
            "operation": "mutation",
            "selectionSet": Object {
              "kind": "SelectionSet",
              "selections": Array [
                Object {
                  "alias": undefined,
                  "arguments": Array [
                    Object {
                      "kind": "Argument",
                      "name": Object {
                        "kind": "Name",
                        "value": "lightId",
                      },
                      "value": Object {
                        "kind": "Variable",
                        "name": Object {
                          "kind": "Name",
                          "value": "lightId",
                        },
                      },
                    },
                    Object {
                      "kind": "Argument",
                      "name": Object {
                        "kind": "Name",
                        "value": "lightData",
                      },
                      "value": Object {
                        "kind": "Variable",
                        "name": Object {
                          "kind": "Name",
                          "value": "lightData",
                        },
                      },
                    },
                  ],
                  "directives": Array [],
                  "kind": "Field",
                  "name": Object {
                    "kind": "Name",
                    "value": "setLight",
                  },
                  "selectionSet": Object {
                    "kind": "SelectionSet",
                    "selections": Array [
                      Object {
                        "directives": Array [],
                        "kind": "FragmentSpread",
                        "name": Object {
                          "kind": "Name",
                          "value": "lightFields",
                        },
                      },
                    ],
                  },
                },
              ],
            },
            "variableDefinitions": Array [
              Object {
                "defaultValue": undefined,
                "directives": Array [],
                "kind": "VariableDefinition",
                "type": Object {
                  "kind": "NonNullType",
                  "type": Object {
                    "kind": "NamedType",
                    "name": Object {
                      "kind": "Name",
                      "value": "String",
                    },
                  },
                },
                "variable": Object {
                  "kind": "Variable",
                  "name": Object {
                    "kind": "Name",
                    "value": "lightId",
                  },
                },
              },
              Object {
                "defaultValue": undefined,
                "directives": Array [],
                "kind": "VariableDefinition",
                "type": Object {
                  "kind": "NonNullType",
                  "type": Object {
                    "kind": "NamedType",
                    "name": Object {
                      "kind": "Name",
                      "value": "LightInput",
                    },
                  },
                },
                "variable": Object {
                  "kind": "Variable",
                  "name": Object {
                    "kind": "Name",
                    "value": "lightData",
                  },
                },
              },
            ],
          },
          Object {
            "directives": Array [],
            "kind": "FragmentDefinition",
            "name": Object {
              "kind": "Name",
              "value": "lightFields",
            },
            "selectionSet": Object {
              "kind": "SelectionSet",
              "selections": Array [
                Object {
                  "alias": undefined,
                  "arguments": Array [],
                  "directives": Array [],
                  "kind": "Field",
                  "name": Object {
                    "kind": "Name",
                    "value": "id",
                  },
                  "selectionSet": undefined,
                },
                Object {
                  "alias": undefined,
                  "arguments": Array [],
                  "directives": Array [],
                  "kind": "Field",
                  "name": Object {
                    "kind": "Name",
                    "value": "name",
                  },
                  "selectionSet": undefined,
                },
                Object {
                  "alias": undefined,
                  "arguments": Array [],
                  "directives": Array [],
                  "kind": "Field",
                  "name": Object {
                    "kind": "Name",
                    "value": "connected",
                  },
                  "selectionSet": undefined,
                },
                Object {
                  "alias": undefined,
                  "arguments": Array [],
                  "directives": Array [],
                  "kind": "Field",
                  "name": Object {
                    "kind": "Name",
                    "value": "state",
                  },
                  "selectionSet": undefined,
                },
                Object {
                  "alias": undefined,
                  "arguments": Array [],
                  "directives": Array [],
                  "kind": "Field",
                  "name": Object {
                    "kind": "Name",
                    "value": "brightness",
                  },
                  "selectionSet": undefined,
                },
                Object {
                  "alias": undefined,
                  "arguments": Array [],
                  "directives": Array [],
                  "kind": "Field",
                  "name": Object {
                    "kind": "Name",
                    "value": "color",
                  },
                  "selectionSet": Object {
                    "kind": "SelectionSet",
                    "selections": Array [
                      Object {
                        "alias": undefined,
                        "arguments": Array [],
                        "directives": Array [],
                        "kind": "Field",
                        "name": Object {
                          "kind": "Name",
                          "value": "r",
                        },
                        "selectionSet": undefined,
                      },
                      Object {
                        "alias": undefined,
                        "arguments": Array [],
                        "directives": Array [],
                        "kind": "Field",
                        "name": Object {
                          "kind": "Name",
                          "value": "g",
                        },
                        "selectionSet": undefined,
                      },
                      Object {
                        "alias": undefined,
                        "arguments": Array [],
                        "directives": Array [],
                        "kind": "Field",
                        "name": Object {
                          "kind": "Name",
                          "value": "b",
                        },
                        "selectionSet": undefined,
                      },
                    ],
                  },
                },
                Object {
                  "alias": undefined,
                  "arguments": Array [],
                  "directives": Array [],
                  "kind": "Field",
                  "name": Object {
                    "kind": "Name",
                    "value": "effect",
                  },
                  "selectionSet": undefined,
                },
                Object {
                  "alias": undefined,
                  "arguments": Array [],
                  "directives": Array [],
                  "kind": "Field",
                  "name": Object {
                    "kind": "Name",
                    "value": "speed",
                  },
                  "selectionSet": undefined,
                },
                Object {
                  "alias": undefined,
                  "arguments": Array [],
                  "directives": Array [],
                  "kind": "Field",
                  "name": Object {
                    "kind": "Name",
                    "value": "supportedEffects",
                  },
                  "selectionSet": undefined,
                },
              ],
            },
            "typeCondition": Object {
              "kind": "NamedType",
              "name": Object {
                "kind": "Name",
                "value": "Light",
              },
            },
          },
        ],
        "kind": "Document",
        "loc": Object {
          "end": 336,
          "start": 0,
        },
      }
    }
    onCompleted={[Function]}
    onError={[Function]}
  >
    <Component />
  </Mutation>
</ZoomDialog>
`;
